Archive member included because of file (symbol)

c:/altera/13.0sp1/nios2eds/bin/gnu/h-i686-mingw32/bin/../lib/gcc/nios2-elf/4.1.2/../../../../nios2-elf/lib/mno-hw-mul\libsmallc.a(lib_a-printf.o)
                              obj/default/hello_world_small.o (printf)
c:/altera/13.0sp1/nios2eds/bin/gnu/h-i686-mingw32/bin/../lib/gcc/nios2-elf/4.1.2/../../../../nios2-elf/lib/mno-hw-mul\libsmallc.a(lib_a-vfprintf.o)
                              c:/altera/13.0sp1/nios2eds/bin/gnu/h-i686-mingw32/bin/../lib/gcc/nios2-elf/4.1.2/../../../../nios2-elf/lib/mno-hw-mul\libsmallc.a(lib_a-printf.o) (___vfprintf_internal_r)
c:/altera/13.0sp1/nios2eds/bin/gnu/h-i686-mingw32/bin/../lib/gcc/nios2-elf/4.1.2/../../../../nios2-elf/lib/mno-hw-mul\libsmallc.a(lib_a-fvwrite_small_dev.o)
                              c:/altera/13.0sp1/nios2eds/bin/gnu/h-i686-mingw32/bin/../lib/gcc/nios2-elf/4.1.2/../../../../nios2-elf/lib/mno-hw-mul\libsmallc.a(lib_a-printf.o) (__sfvwrite_small_dev)
c:/altera/13.0sp1/nios2eds/bin/gnu/h-i686-mingw32/bin/../lib/gcc/nios2-elf/4.1.2/../../../../nios2-elf/lib/mno-hw-mul\libsmallc.a(lib_a-impure.o)
                              c:/altera/13.0sp1/nios2eds/bin/gnu/h-i686-mingw32/bin/../lib/gcc/nios2-elf/4.1.2/../../../../nios2-elf/lib/mno-hw-mul\libsmallc.a(lib_a-printf.o) (_impure_ptr)
c:/altera/13.0sp1/nios2eds/bin/gnu/h-i686-mingw32/bin/../lib/gcc/nios2-elf/4.1.2/../../../../nios2-elf/lib/mno-hw-mul\libsmallc.a(lib_a-strlen.o)
                              c:/altera/13.0sp1/nios2eds/bin/gnu/h-i686-mingw32/bin/../lib/gcc/nios2-elf/4.1.2/../../../../nios2-elf/lib/mno-hw-mul\libsmallc.a(lib_a-vfprintf.o) (strlen)
c:/altera/13.0sp1/nios2eds/bin/gnu/h-i686-mingw32/bin/../lib/gcc/nios2-elf/4.1.2/../../../../nios2-elf/lib/mno-hw-mul\libsmallc.a(lib_a-writer.o)
                              c:/altera/13.0sp1/nios2eds/bin/gnu/h-i686-mingw32/bin/../lib/gcc/nios2-elf/4.1.2/../../../../nios2-elf/lib/mno-hw-mul\libsmallc.a(lib_a-fvwrite_small_dev.o) (_write_r)
c:/altera/13.0sp1/nios2eds/bin/gnu/h-i686-mingw32/bin/../lib/gcc/nios2-elf/4.1.2/../../../../nios2-elf/lib/mno-hw-mul\libsmallc.a(lib_a-int_errno.o)
                              c:/altera/13.0sp1/nios2eds/bin/gnu/h-i686-mingw32/bin/../lib/gcc/nios2-elf/4.1.2/../../../../nios2-elf/lib/mno-hw-mul\libsmallc.a(lib_a-writer.o) (errno)
c:/altera/13.0sp1/nios2eds/bin/gnu/h-i686-mingw32/bin/../lib/gcc/nios2-elf/4.1.2/mno-hw-mul\libgcc.a(lib2-divmod.o)
                              c:/altera/13.0sp1/nios2eds/bin/gnu/h-i686-mingw32/bin/../lib/gcc/nios2-elf/4.1.2/../../../../nios2-elf/lib/mno-hw-mul\libsmallc.a(lib_a-vfprintf.o) (__udivsi3)
c:/altera/13.0sp1/nios2eds/bin/gnu/h-i686-mingw32/bin/../lib/gcc/nios2-elf/4.1.2/mno-hw-mul\libgcc.a(lib2-mul.o)
                              c:/altera/13.0sp1/nios2eds/bin/gnu/h-i686-mingw32/bin/../lib/gcc/nios2-elf/4.1.2/../../../../nios2-elf/lib/mno-hw-mul\libsmallc.a(lib_a-vfprintf.o) (__mulsi3)
../nios_led_bsp/\libhal_bsp.a(alt_load.o)
                              ../nios_led_bsp//obj/HAL/src/crt0.o (alt_load)
../nios_led_bsp/\libhal_bsp.a(alt_main.o)
                              ../nios_led_bsp//obj/HAL/src/crt0.o (alt_main)
../nios_led_bsp/\libhal_bsp.a(alt_usleep.o)
                              obj/default/hello_world_small.o (usleep)
../nios_led_bsp/\libhal_bsp.a(alt_write.o)
                              c:/altera/13.0sp1/nios2eds/bin/gnu/h-i686-mingw32/bin/../lib/gcc/nios2-elf/4.1.2/../../../../nios2-elf/lib/mno-hw-mul\libsmallc.a(lib_a-writer.o) (write)
../nios_led_bsp/\libhal_bsp.a(alt_sys_init.o)
                              ../nios_led_bsp/\libhal_bsp.a(alt_main.o) (alt_sys_init)
../nios_led_bsp/\libhal_bsp.a(alt_busy_sleep.o)
                              ../nios_led_bsp/\libhal_bsp.a(alt_usleep.o) (alt_busy_sleep)
../nios_led_bsp/\libhal_bsp.a(alt_dcache_flush_all.o)
                              ../nios_led_bsp/\libhal_bsp.a(alt_load.o) (alt_dcache_flush_all)
../nios_led_bsp/\libhal_bsp.a(alt_dev.o)
                              ../nios_led_bsp/\libhal_bsp.a(alt_write.o) (alt_fd_list)
../nios_led_bsp/\libhal_bsp.a(alt_errno.o)
                              ../nios_led_bsp/\libhal_bsp.a(alt_write.o) (alt_errno)
../nios_led_bsp/\libhal_bsp.a(alt_icache_flush_all.o)
                              ../nios_led_bsp/\libhal_bsp.a(alt_load.o) (alt_icache_flush_all)
../nios_led_bsp/\libhal_bsp.a(altera_nios2_qsys_irq.o)
                              ../nios_led_bsp/\libhal_bsp.a(alt_sys_init.o) (altera_nios2_qsys_irq_init)

Allocating common symbols
Common symbol       size              file

errno               0x4               c:/altera/13.0sp1/nios2eds/bin/gnu/h-i686-mingw32/bin/../lib/gcc/nios2-elf/4.1.2/../../../../nios2-elf/lib/mno-hw-mul\libsmallc.a(lib_a-int_errno.o)

Memory Configuration

Name             Origin             Length             Attributes
reset            0x00020000         0x00000020
onchip_mem       0x00020020         0x00004e00
*default*        0x00000000         0xffffffff

Linker script and memory map

LOAD ../nios_led_bsp//obj/HAL/src/crt0.o
                0x0002000c                exit = _exit
LOAD obj/default/hello_world_small.o
LOAD c:/altera/13.0sp1/nios2eds/bin/gnu/h-i686-mingw32/bin/../lib/gcc/nios2-elf/4.1.2/../../../../nios2-elf/lib/mno-hw-mul\libstdc++.a
LOAD c:/altera/13.0sp1/nios2eds/bin/gnu/h-i686-mingw32/bin/../lib/gcc/nios2-elf/4.1.2/../../../../nios2-elf/lib/mno-hw-mul\libm.a
LOAD c:/altera/13.0sp1/nios2eds/bin/gnu/h-i686-mingw32/bin/../lib/gcc/nios2-elf/4.1.2/mno-hw-mul\libgcc.a
START GROUP
LOAD c:/altera/13.0sp1/nios2eds/bin/gnu/h-i686-mingw32/bin/../lib/gcc/nios2-elf/4.1.2/../../../../nios2-elf/lib/mno-hw-mul\libsmallc.a
LOAD c:/altera/13.0sp1/nios2eds/bin/gnu/h-i686-mingw32/bin/../lib/gcc/nios2-elf/4.1.2/mno-hw-mul\libgcc.a
LOAD ../nios_led_bsp/\libhal_bsp.a
END GROUP
LOAD c:/altera/13.0sp1/nios2eds/bin/gnu/h-i686-mingw32/bin/../lib/gcc/nios2-elf/4.1.2/mno-hw-mul\libgcc.a
                0x00020000                __alt_mem_onchip_mem = 0x20000

.entry          0x00020000       0x20
 *(.entry)
 .entry         0x00020000       0x20 ../nios_led_bsp//obj/HAL/src/crt0.o
                0x00020000                __reset
                0x0002000c                _exit

.exceptions     0x00020020        0x0
                0x00020020                PROVIDE (__ram_exceptions_start, ABSOLUTE (.))
                0x00020020                . = ALIGN (0x20)
 *(.irq)
 *(.exceptions.entry.label)
 *(.exceptions.entry.user)
 *(.exceptions.entry)
 *(.exceptions.irqtest.user)
 *(.exceptions.irqtest)
 *(.exceptions.irqhandler.user)
 *(.exceptions.irqhandler)
 *(.exceptions.irqreturn.user)
 *(.exceptions.irqreturn)
 *(.exceptions.notirq.label)
 *(.exceptions.notirq.user)
 *(.exceptions.notirq)
 *(.exceptions.soft.user)
 *(.exceptions.soft)
 *(.exceptions.unknown.user)
 *(.exceptions.unknown)
 *(.exceptions.exit.label)
 *(.exceptions.exit.user)
 *(.exceptions.exit)
 *(.exceptions)
                0x00020020                PROVIDE (__ram_exceptions_end, ABSOLUTE (.))
                0x00020020                PROVIDE (__flash_exceptions_start, LOADADDR (.exceptions))

.text           0x00020020      0xdc4
                0x00020020                PROVIDE (stext, ABSOLUTE (.))
 *(.interp)
 *(.hash)
 *(.dynsym)
 *(.dynstr)
 *(.gnu.version)
 *(.gnu.version_d)
 *(.gnu.version_r)
 *(.rel.init)
 *(.rela.init)
 *(.rel.text .rel.text.* .rel.gnu.linkonce.t.*)
 *(.rela.text .rela.text.* .rela.gnu.linkonce.t.*)
 *(.rel.fini)
 *(.rela.fini)
 *(.rel.rodata .rel.rodata.* .rel.gnu.linkonce.r.*)
 *(.rela.rodata .rela.rodata.* .rela.gnu.linkonce.r.*)
 *(.rel.data .rel.data.* .rel.gnu.linkonce.d.*)
 *(.rela.data .rela.data.* .rela.gnu.linkonce.d.*)
 *(.rel.tdata .rel.tdata.* .rel.gnu.linkonce.td.*)
 *(.rela.tdata .rela.tdata.* .rela.gnu.linkonce.td.*)
 *(.rel.tbss .rel.tbss.* .rel.gnu.linkonce.tb.*)
 *(.rela.tbss .rela.tbss.* .rela.gnu.linkonce.tb.*)
 *(.rel.ctors)
 *(.rela.ctors)
 *(.rel.dtors)
 *(.rela.dtors)
 *(.rel.got)
 *(.rela.got)
 *(.rel.sdata .rel.sdata.* .rel.gnu.linkonce.s.*)
 *(.rela.sdata .rela.sdata.* .rela.gnu.linkonce.s.*)
 *(.rel.sbss .rel.sbss.* .rel.gnu.linkonce.sb.*)
 *(.rela.sbss .rela.sbss.* .rela.gnu.linkonce.sb.*)
 *(.rel.sdata2 .rel.sdata2.* .rel.gnu.linkonce.s2.*)
 *(.rela.sdata2 .rela.sdata2.* .rela.gnu.linkonce.s2.*)
 *(.rel.sbss2 .rel.sbss2.* .rel.gnu.linkonce.sb2.*)
 *(.rela.sbss2 .rela.sbss2.* .rela.gnu.linkonce.sb2.*)
 *(.rel.bss .rel.bss.* .rel.gnu.linkonce.b.*)
 *(.rela.bss .rela.bss.* .rela.gnu.linkonce.b.*)
 *(.rel.plt)
 *(.rela.plt)
 *(.rel.dyn)
 *(.init)
 *(.plt)
 *(.text .stub .text.* .gnu.linkonce.t.*)
 .text          0x00020020       0x3c ../nios_led_bsp//obj/HAL/src/crt0.o
                0x00020020                _start
 .text          0x0002005c       0x80 obj/default/hello_world_small.o
                0x0002005c                main
 .text          0x000200dc       0x98 c:/altera/13.0sp1/nios2eds/bin/gnu/h-i686-mingw32/bin/../lib/gcc/nios2-elf/4.1.2/../../../../nios2-elf/lib/mno-hw-mul\libsmallc.a(lib_a-printf.o)
                0x000200dc                printf
                0x00020130                _printf_r
 .text          0x00020174      0x740 c:/altera/13.0sp1/nios2eds/bin/gnu/h-i686-mingw32/bin/../lib/gcc/nios2-elf/4.1.2/../../../../nios2-elf/lib/mno-hw-mul\libsmallc.a(lib_a-vfprintf.o)
                0x000201f4                ___vfprintf_internal_r
                0x00020890                __vfprintf_internal
 .text          0x000208b4       0xbc c:/altera/13.0sp1/nios2eds/bin/gnu/h-i686-mingw32/bin/../lib/gcc/nios2-elf/4.1.2/../../../../nios2-elf/lib/mno-hw-mul\libsmallc.a(lib_a-fvwrite_small_dev.o)
                0x000208b4                __sfvwrite_small_dev
 .text          0x00020970        0x0 c:/altera/13.0sp1/nios2eds/bin/gnu/h-i686-mingw32/bin/../lib/gcc/nios2-elf/4.1.2/../../../../nios2-elf/lib/mno-hw-mul\libsmallc.a(lib_a-impure.o)
 .text          0x00020970       0x20 c:/altera/13.0sp1/nios2eds/bin/gnu/h-i686-mingw32/bin/../lib/gcc/nios2-elf/4.1.2/../../../../nios2-elf/lib/mno-hw-mul\libsmallc.a(lib_a-strlen.o)
                0x00020970                strlen
 .text          0x00020990       0x78 c:/altera/13.0sp1/nios2eds/bin/gnu/h-i686-mingw32/bin/../lib/gcc/nios2-elf/4.1.2/../../../../nios2-elf/lib/mno-hw-mul\libsmallc.a(lib_a-writer.o)
                0x00020990                _write_r
 .text          0x00020a08        0x0 c:/altera/13.0sp1/nios2eds/bin/gnu/h-i686-mingw32/bin/../lib/gcc/nios2-elf/4.1.2/../../../../nios2-elf/lib/mno-hw-mul\libsmallc.a(lib_a-int_errno.o)
 .text          0x00020a08      0x14c c:/altera/13.0sp1/nios2eds/bin/gnu/h-i686-mingw32/bin/../lib/gcc/nios2-elf/4.1.2/mno-hw-mul\libgcc.a(lib2-divmod.o)
                0x00020a84                __divsi3
                0x00020ae4                __modsi3
                0x00020b44                __udivsi3
                0x00020b4c                __umodsi3
 .text          0x00020b54       0x38 c:/altera/13.0sp1/nios2eds/bin/gnu/h-i686-mingw32/bin/../lib/gcc/nios2-elf/4.1.2/mno-hw-mul\libgcc.a(lib2-mul.o)
                0x00020b54                __mulsi3
 .text          0x00020b8c       0x8c ../nios_led_bsp/\libhal_bsp.a(alt_load.o)
                0x00020bac                alt_load
 .text          0x00020c18       0x2c ../nios_led_bsp/\libhal_bsp.a(alt_main.o)
                0x00020c18                alt_main
 .text          0x00020c44        0x4 ../nios_led_bsp/\libhal_bsp.a(alt_usleep.o)
                0x00020c44                usleep
 .text          0x00020c48       0xd4 ../nios_led_bsp/\libhal_bsp.a(alt_write.o)
                0x00020c68                write
 .text          0x00020d1c       0x24 ../nios_led_bsp/\libhal_bsp.a(alt_sys_init.o)
                0x00020d1c                alt_sys_init
                0x00020d20                alt_irq_init
 .text          0x00020d40       0x8c ../nios_led_bsp/\libhal_bsp.a(alt_busy_sleep.o)
                0x00020d40                alt_busy_sleep
 .text          0x00020dcc        0x4 ../nios_led_bsp/\libhal_bsp.a(alt_dcache_flush_all.o)
                0x00020dcc                alt_dcache_flush_all
 .text          0x00020dd0        0x8 ../nios_led_bsp/\libhal_bsp.a(alt_dev.o)
 .text          0x00020dd8        0x0 ../nios_led_bsp/\libhal_bsp.a(alt_errno.o)
 .text          0x00020dd8        0x4 ../nios_led_bsp/\libhal_bsp.a(alt_icache_flush_all.o)
                0x00020dd8                alt_icache_flush_all
 .text          0x00020ddc        0x8 ../nios_led_bsp/\libhal_bsp.a(altera_nios2_qsys_irq.o)
                0x00020ddc                altera_nios2_qsys_irq_init
 *(.gnu.warning.*)
 *(.fini)
                0x00020de4                PROVIDE (__etext, ABSOLUTE (.))
                0x00020de4                PROVIDE (_etext, ABSOLUTE (.))
                0x00020de4                PROVIDE (etext, ABSOLUTE (.))
 *(.eh_frame_hdr)
                0x00020de4                . = ALIGN (0x4)
                0x00020de4                PROVIDE (__preinit_array_start, ABSOLUTE (.))
 *(.preinit_array)
                0x00020de4                PROVIDE (__preinit_array_end, ABSOLUTE (.))
                0x00020de4                PROVIDE (__init_array_start, ABSOLUTE (.))
 *(.init_array)
                0x00020de4                PROVIDE (__init_array_end, ABSOLUTE (.))
                0x00020de4                PROVIDE (__fini_array_start, ABSOLUTE (.))
 *(.fini_array)
                0x00020de4                PROVIDE (__fini_array_end, ABSOLUTE (.))
 *(.eh_frame)
 *(.gcc_except_table)
 *(.dynamic)
                0x00020de4                PROVIDE (__CTOR_LIST__, ABSOLUTE (.))
 *(.ctors)
 *(SORT(.ctors.*))
                0x00020de4                PROVIDE (__CTOR_END__, ABSOLUTE (.))
                0x00020de4                PROVIDE (__DTOR_LIST__, ABSOLUTE (.))
 *(.dtors)
 *(SORT(.dtors.*))
                0x00020de4                PROVIDE (__DTOR_END__, ABSOLUTE (.))
 *(.jcr)
                0x00020de4                . = ALIGN (0x4)

.rodata         0x00020de4       0x20
                0x00020de4                PROVIDE (__ram_rodata_start, ABSOLUTE (.))
                0x00020de4                . = ALIGN (0x4)
 *(.rodata .rodata.* .gnu.linkonce.r.*)
 .rodata.str1.4
                0x00020de4       0x12 obj/default/hello_world_small.o
                                 0x14 (size before relaxing)
 *fill*         0x00020df6        0x2 00
 .rodata.str1.4
                0x00020df8        0xc ../nios_led_bsp/\libhal_bsp.a(alt_dev.o)
 *(.rodata1)
                0x00020e04                . = ALIGN (0x4)
                0x00020e04                PROVIDE (__ram_rodata_end, ABSOLUTE (.))
                0x00020de4                PROVIDE (__flash_rodata_start, LOADADDR (.rodata))

.rwdata         0x00020e04      0x158 load address 0x00020f5c
                0x00020e04                PROVIDE (__ram_rwdata_start, ABSOLUTE (.))
                0x00020e04                . = ALIGN (0x4)
 *(.got.plt)
 *(.got)
 *(.data1)
 *(.data .data.* .gnu.linkonce.d.*)
 .data          0x00020e04        0x0 ../nios_led_bsp//obj/HAL/src/crt0.o
 .data          0x00020e04        0x0 obj/default/hello_world_small.o
 .data          0x00020e04        0x0 c:/altera/13.0sp1/nios2eds/bin/gnu/h-i686-mingw32/bin/../lib/gcc/nios2-elf/4.1.2/../../../../nios2-elf/lib/mno-hw-mul\libsmallc.a(lib_a-printf.o)
 .data          0x00020e04        0x0 c:/altera/13.0sp1/nios2eds/bin/gnu/h-i686-mingw32/bin/../lib/gcc/nios2-elf/4.1.2/../../../../nios2-elf/lib/mno-hw-mul\libsmallc.a(lib_a-vfprintf.o)
 .data          0x00020e04        0x0 c:/altera/13.0sp1/nios2eds/bin/gnu/h-i686-mingw32/bin/../lib/gcc/nios2-elf/4.1.2/../../../../nios2-elf/lib/mno-hw-mul\libsmallc.a(lib_a-fvwrite_small_dev.o)
 .data          0x00020e04       0xe0 c:/altera/13.0sp1/nios2eds/bin/gnu/h-i686-mingw32/bin/../lib/gcc/nios2-elf/4.1.2/../../../../nios2-elf/lib/mno-hw-mul\libsmallc.a(lib_a-impure.o)
 .data          0x00020ee4        0x0 c:/altera/13.0sp1/nios2eds/bin/gnu/h-i686-mingw32/bin/../lib/gcc/nios2-elf/4.1.2/../../../../nios2-elf/lib/mno-hw-mul\libsmallc.a(lib_a-strlen.o)
 .data          0x00020ee4        0x0 c:/altera/13.0sp1/nios2eds/bin/gnu/h-i686-mingw32/bin/../lib/gcc/nios2-elf/4.1.2/../../../../nios2-elf/lib/mno-hw-mul\libsmallc.a(lib_a-writer.o)
 .data          0x00020ee4        0x0 c:/altera/13.0sp1/nios2eds/bin/gnu/h-i686-mingw32/bin/../lib/gcc/nios2-elf/4.1.2/../../../../nios2-elf/lib/mno-hw-mul\libsmallc.a(lib_a-int_errno.o)
 .data          0x00020ee4        0x0 c:/altera/13.0sp1/nios2eds/bin/gnu/h-i686-mingw32/bin/../lib/gcc/nios2-elf/4.1.2/mno-hw-mul\libgcc.a(lib2-divmod.o)
 .data          0x00020ee4        0x0 c:/altera/13.0sp1/nios2eds/bin/gnu/h-i686-mingw32/bin/../lib/gcc/nios2-elf/4.1.2/mno-hw-mul\libgcc.a(lib2-mul.o)
 .data          0x00020ee4        0x0 ../nios_led_bsp/\libhal_bsp.a(alt_load.o)
 .data          0x00020ee4        0x0 ../nios_led_bsp/\libhal_bsp.a(alt_main.o)
 .data          0x00020ee4        0x0 ../nios_led_bsp/\libhal_bsp.a(alt_usleep.o)
 .data          0x00020ee4        0x0 ../nios_led_bsp/\libhal_bsp.a(alt_write.o)
 .data          0x00020ee4        0x0 ../nios_led_bsp/\libhal_bsp.a(alt_sys_init.o)
 .data          0x00020ee4        0x0 ../nios_led_bsp/\libhal_bsp.a(alt_busy_sleep.o)
 .data          0x00020ee4        0x0 ../nios_led_bsp/\libhal_bsp.a(alt_dcache_flush_all.o)
 .data          0x00020ee4       0x58 ../nios_led_bsp/\libhal_bsp.a(alt_dev.o)
                0x00020ee4                alt_dev_null
                0x00020f0c                alt_fd_list
 .data          0x00020f3c        0x0 ../nios_led_bsp/\libhal_bsp.a(alt_errno.o)
 .data          0x00020f3c        0x0 ../nios_led_bsp/\libhal_bsp.a(alt_icache_flush_all.o)
 .data          0x00020f3c        0x0 ../nios_led_bsp/\libhal_bsp.a(altera_nios2_qsys_irq.o)
                0x00028f3c                _gp = ABSOLUTE ((. + 0x8000))
                0x00028f3c                PROVIDE (gp, _gp)
 *(.rwdata .rwdata.*)
 *(.sdata .sdata.* .gnu.linkonce.s.*)
 .sdata         0x00020f3c        0x8 c:/altera/13.0sp1/nios2eds/bin/gnu/h-i686-mingw32/bin/../lib/gcc/nios2-elf/4.1.2/../../../../nios2-elf/lib/mno-hw-mul\libsmallc.a(lib_a-impure.o)
                0x00020f3c                _impure_ptr
                0x00020f40                _global_impure_ptr
 .sdata         0x00020f44       0x14 ../nios_led_bsp/\libhal_bsp.a(alt_dev.o)
                0x00020f44                alt_fs_list
                0x00020f4c                alt_dev_list
                0x00020f54                alt_max_fd
 .sdata         0x00020f58        0x4 ../nios_led_bsp/\libhal_bsp.a(alt_errno.o)
                0x00020f58                alt_errno
 *(.sdata2 .sdata2.* .gnu.linkonce.s2.*)
                0x00020f5c                . = ALIGN (0x4)
                0x00020f5c                _edata = ABSOLUTE (.)
                0x00020f5c                PROVIDE (edata, ABSOLUTE (.))
                0x00020f5c                PROVIDE (__ram_rwdata_end, ABSOLUTE (.))
                0x00020f5c                PROVIDE (__flash_rwdata_start, LOADADDR (.rwdata))

.bss            0x000210b4       0x10
                0x000210b4                __bss_start = ABSOLUTE (.)
                0x000210b4                PROVIDE (__sbss_start, ABSOLUTE (.))
                0x000210b4                PROVIDE (___sbss_start, ABSOLUTE (.))
 *(.dynsbss)
 *(.sbss .sbss.* .gnu.linkonce.sb.*)
 .sbss          0x000210b4        0x4 c:/altera/13.0sp1/nios2eds/bin/gnu/h-i686-mingw32/bin/../lib/gcc/nios2-elf/4.1.2/../../../../nios2-elf/lib/mno-hw-mul\libsmallc.a(lib_a-int_errno.o)
                0x000210b4                errno
 .sbss          0x000210b8        0xc ../nios_led_bsp/\libhal_bsp.a(alt_main.o)
                0x000210b8                alt_argc
                0x000210bc                alt_argv
                0x000210c0                alt_envp
 *(.sbss2 .sbss2.* .gnu.linkonce.sb2.*)
 *(.scommon)
                0x000210c4                PROVIDE (__sbss_end, ABSOLUTE (.))
                0x000210c4                PROVIDE (___sbss_end, ABSOLUTE (.))
 *(.dynbss)
 *(.bss .bss.* .gnu.linkonce.b.*)
 .bss           0x000210c4        0x0 ../nios_led_bsp//obj/HAL/src/crt0.o
 .bss           0x000210c4        0x0 obj/default/hello_world_small.o
 .bss           0x000210c4        0x0 c:/altera/13.0sp1/nios2eds/bin/gnu/h-i686-mingw32/bin/../lib/gcc/nios2-elf/4.1.2/../../../../nios2-elf/lib/mno-hw-mul\libsmallc.a(lib_a-printf.o)
 .bss           0x000210c4        0x0 c:/altera/13.0sp1/nios2eds/bin/gnu/h-i686-mingw32/bin/../lib/gcc/nios2-elf/4.1.2/../../../../nios2-elf/lib/mno-hw-mul\libsmallc.a(lib_a-vfprintf.o)
 .bss           0x000210c4        0x0 c:/altera/13.0sp1/nios2eds/bin/gnu/h-i686-mingw32/bin/../lib/gcc/nios2-elf/4.1.2/../../../../nios2-elf/lib/mno-hw-mul\libsmallc.a(lib_a-fvwrite_small_dev.o)
 .bss           0x000210c4        0x0 c:/altera/13.0sp1/nios2eds/bin/gnu/h-i686-mingw32/bin/../lib/gcc/nios2-elf/4.1.2/../../../../nios2-elf/lib/mno-hw-mul\libsmallc.a(lib_a-impure.o)
 .bss           0x000210c4        0x0 c:/altera/13.0sp1/nios2eds/bin/gnu/h-i686-mingw32/bin/../lib/gcc/nios2-elf/4.1.2/../../../../nios2-elf/lib/mno-hw-mul\libsmallc.a(lib_a-strlen.o)
 .bss           0x000210c4        0x0 c:/altera/13.0sp1/nios2eds/bin/gnu/h-i686-mingw32/bin/../lib/gcc/nios2-elf/4.1.2/../../../../nios2-elf/lib/mno-hw-mul\libsmallc.a(lib_a-writer.o)
 .bss           0x000210c4        0x0 c:/altera/13.0sp1/nios2eds/bin/gnu/h-i686-mingw32/bin/../lib/gcc/nios2-elf/4.1.2/../../../../nios2-elf/lib/mno-hw-mul\libsmallc.a(lib_a-int_errno.o)
 .bss           0x000210c4        0x0 c:/altera/13.0sp1/nios2eds/bin/gnu/h-i686-mingw32/bin/../lib/gcc/nios2-elf/4.1.2/mno-hw-mul\libgcc.a(lib2-divmod.o)
 .bss           0x000210c4        0x0 c:/altera/13.0sp1/nios2eds/bin/gnu/h-i686-mingw32/bin/../lib/gcc/nios2-elf/4.1.2/mno-hw-mul\libgcc.a(lib2-mul.o)
 .bss           0x000210c4        0x0 ../nios_led_bsp/\libhal_bsp.a(alt_load.o)
 .bss           0x000210c4        0x0 ../nios_led_bsp/\libhal_bsp.a(alt_main.o)
 .bss           0x000210c4        0x0 ../nios_led_bsp/\libhal_bsp.a(alt_usleep.o)
 .bss           0x000210c4        0x0 ../nios_led_bsp/\libhal_bsp.a(alt_write.o)
 .bss           0x000210c4        0x0 ../nios_led_bsp/\libhal_bsp.a(alt_sys_init.o)
 .bss           0x000210c4        0x0 ../nios_led_bsp/\libhal_bsp.a(alt_busy_sleep.o)
 .bss           0x000210c4        0x0 ../nios_led_bsp/\libhal_bsp.a(alt_dcache_flush_all.o)
 .bss           0x000210c4        0x0 ../nios_led_bsp/\libhal_bsp.a(alt_dev.o)
 .bss           0x000210c4        0x0 ../nios_led_bsp/\libhal_bsp.a(alt_errno.o)
 .bss           0x000210c4        0x0 ../nios_led_bsp/\libhal_bsp.a(alt_icache_flush_all.o)
 .bss           0x000210c4        0x0 ../nios_led_bsp/\libhal_bsp.a(altera_nios2_qsys_irq.o)
 *(COMMON)
                0x000210c4                . = ALIGN (0x4)
                0x000210c4                __bss_end = ABSOLUTE (.)

.onchip_mem     0x000210c4        0x0
                0x000210c4                PROVIDE (_alt_partition_onchip_mem_start, ABSOLUTE (.))
 *(.onchip_mem. onchip_mem.*)
                0x000210c4                . = ALIGN (0x4)
                0x000210c4                PROVIDE (_alt_partition_onchip_mem_end, ABSOLUTE (.))
                0x000210c4                _end = ABSOLUTE (.)
                0x000210c4                end = ABSOLUTE (.)
                0x000210c4                __alt_stack_base = ABSOLUTE (.)
                0x000210c4                PROVIDE (_alt_partition_onchip_mem_load_addr, LOADADDR (.onchip_mem))

.stab
 *(.stab)

.stabstr
 *(.stabstr)

.stab.excl
 *(.stab.excl)

.stab.exclstr
 *(.stab.exclstr)

.stab.index
 *(.stab.index)

.stab.indexstr
 *(.stab.indexstr)

.comment        0x00000000       0x26
 *(.comment)
 .comment       0x00000000       0x26 obj/default/hello_world_small.o
                                 0x27 (size before relaxing)
 .comment       0x00000000       0x27 c:/altera/13.0sp1/nios2eds/bin/gnu/h-i686-mingw32/bin/../lib/gcc/nios2-elf/4.1.2/../../../../nios2-elf/lib/mno-hw-mul\libsmallc.a(lib_a-printf.o)
 .comment       0x00000000       0x27 c:/altera/13.0sp1/nios2eds/bin/gnu/h-i686-mingw32/bin/../lib/gcc/nios2-elf/4.1.2/../../../../nios2-elf/lib/mno-hw-mul\libsmallc.a(lib_a-vfprintf.o)
 .comment       0x00000000       0x27 c:/altera/13.0sp1/nios2eds/bin/gnu/h-i686-mingw32/bin/../lib/gcc/nios2-elf/4.1.2/../../../../nios2-elf/lib/mno-hw-mul\libsmallc.a(lib_a-fvwrite_small_dev.o)
 .comment       0x00000000       0x27 c:/altera/13.0sp1/nios2eds/bin/gnu/h-i686-mingw32/bin/../lib/gcc/nios2-elf/4.1.2/../../../../nios2-elf/lib/mno-hw-mul\libsmallc.a(lib_a-impure.o)
 .comment       0x00000000       0x27 c:/altera/13.0sp1/nios2eds/bin/gnu/h-i686-mingw32/bin/../lib/gcc/nios2-elf/4.1.2/../../../../nios2-elf/lib/mno-hw-mul\libsmallc.a(lib_a-strlen.o)
 .comment       0x00000000       0x27 c:/altera/13.0sp1/nios2eds/bin/gnu/h-i686-mingw32/bin/../lib/gcc/nios2-elf/4.1.2/../../../../nios2-elf/lib/mno-hw-mul\libsmallc.a(lib_a-writer.o)
 .comment       0x00000000       0x27 c:/altera/13.0sp1/nios2eds/bin/gnu/h-i686-mingw32/bin/../lib/gcc/nios2-elf/4.1.2/../../../../nios2-elf/lib/mno-hw-mul\libsmallc.a(lib_a-int_errno.o)
 .comment       0x00000000       0x27 c:/altera/13.0sp1/nios2eds/bin/gnu/h-i686-mingw32/bin/../lib/gcc/nios2-elf/4.1.2/mno-hw-mul\libgcc.a(lib2-divmod.o)
 .comment       0x00000000       0x27 c:/altera/13.0sp1/nios2eds/bin/gnu/h-i686-mingw32/bin/../lib/gcc/nios2-elf/4.1.2/mno-hw-mul\libgcc.a(lib2-mul.o)
 .comment       0x00000000       0x27 ../nios_led_bsp/\libhal_bsp.a(alt_load.o)
 .comment       0x00000000       0x27 ../nios_led_bsp/\libhal_bsp.a(alt_main.o)
 .comment       0x00000000       0x27 ../nios_led_bsp/\libhal_bsp.a(alt_usleep.o)
 .comment       0x00000000       0x27 ../nios_led_bsp/\libhal_bsp.a(alt_write.o)
 .comment       0x00000000       0x27 ../nios_led_bsp/\libhal_bsp.a(alt_sys_init.o)
 .comment       0x00000000       0x27 ../nios_led_bsp/\libhal_bsp.a(alt_busy_sleep.o)
 .comment       0x00000000       0x27 ../nios_led_bsp/\libhal_bsp.a(alt_dcache_flush_all.o)
 .comment       0x00000000       0x27 ../nios_led_bsp/\libhal_bsp.a(alt_dev.o)
 .comment       0x00000000       0x27 ../nios_led_bsp/\libhal_bsp.a(alt_errno.o)
 .comment       0x00000000       0x27 ../nios_led_bsp/\libhal_bsp.a(alt_icache_flush_all.o)
 .comment       0x00000000       0x27 ../nios_led_bsp/\libhal_bsp.a(altera_nios2_qsys_irq.o)

.debug
 *(.debug)

.line
 *(.line)

.debug_srcinfo
 *(.debug_srcinfo)

.debug_sfnames
 *(.debug_sfnames)

.debug_aranges  0x00000000      0x268
 *(.debug_aranges)
 .debug_aranges
                0x00000000       0x28 ../nios_led_bsp//obj/HAL/src/crt0.o
 .debug_aranges
                0x00000028       0x20 obj/default/hello_world_small.o
 .debug_aranges
                0x00000048       0x20 c:/altera/13.0sp1/nios2eds/bin/gnu/h-i686-mingw32/bin/../lib/gcc/nios2-elf/4.1.2/../../../../nios2-elf/lib/mno-hw-mul\libsmallc.a(lib_a-printf.o)
 .debug_aranges
                0x00000068       0x20 c:/altera/13.0sp1/nios2eds/bin/gnu/h-i686-mingw32/bin/../lib/gcc/nios2-elf/4.1.2/../../../../nios2-elf/lib/mno-hw-mul\libsmallc.a(lib_a-vfprintf.o)
 .debug_aranges
                0x00000088       0x20 c:/altera/13.0sp1/nios2eds/bin/gnu/h-i686-mingw32/bin/../lib/gcc/nios2-elf/4.1.2/../../../../nios2-elf/lib/mno-hw-mul\libsmallc.a(lib_a-fvwrite_small_dev.o)
 .debug_aranges
                0x000000a8       0x20 c:/altera/13.0sp1/nios2eds/bin/gnu/h-i686-mingw32/bin/../lib/gcc/nios2-elf/4.1.2/../../../../nios2-elf/lib/mno-hw-mul\libsmallc.a(lib_a-strlen.o)
 .debug_aranges
                0x000000c8       0x20 c:/altera/13.0sp1/nios2eds/bin/gnu/h-i686-mingw32/bin/../lib/gcc/nios2-elf/4.1.2/../../../../nios2-elf/lib/mno-hw-mul\libsmallc.a(lib_a-writer.o)
 .debug_aranges
                0x000000e8       0x20 c:/altera/13.0sp1/nios2eds/bin/gnu/h-i686-mingw32/bin/../lib/gcc/nios2-elf/4.1.2/mno-hw-mul\libgcc.a(lib2-divmod.o)
 .debug_aranges
                0x00000108       0x20 c:/altera/13.0sp1/nios2eds/bin/gnu/h-i686-mingw32/bin/../lib/gcc/nios2-elf/4.1.2/mno-hw-mul\libgcc.a(lib2-mul.o)
 .debug_aranges
                0x00000128       0x20 ../nios_led_bsp/\libhal_bsp.a(alt_load.o)
 .debug_aranges
                0x00000148       0x20 ../nios_led_bsp/\libhal_bsp.a(alt_main.o)
 .debug_aranges
                0x00000168       0x20 ../nios_led_bsp/\libhal_bsp.a(alt_usleep.o)
 .debug_aranges
                0x00000188       0x20 ../nios_led_bsp/\libhal_bsp.a(alt_write.o)
 .debug_aranges
                0x000001a8       0x20 ../nios_led_bsp/\libhal_bsp.a(alt_sys_init.o)
 .debug_aranges
                0x000001c8       0x20 ../nios_led_bsp/\libhal_bsp.a(alt_busy_sleep.o)
 .debug_aranges
                0x000001e8       0x20 ../nios_led_bsp/\libhal_bsp.a(alt_dcache_flush_all.o)
 .debug_aranges
                0x00000208       0x20 ../nios_led_bsp/\libhal_bsp.a(alt_dev.o)
 .debug_aranges
                0x00000228       0x20 ../nios_led_bsp/\libhal_bsp.a(alt_icache_flush_all.o)
 .debug_aranges
                0x00000248       0x20 ../nios_led_bsp/\libhal_bsp.a(altera_nios2_qsys_irq.o)

.debug_pubnames
                0x00000000      0x3af
 *(.debug_pubnames)
 .debug_pubnames
                0x00000000       0x1b obj/default/hello_world_small.o
 .debug_pubnames
                0x0000001b       0x2b c:/altera/13.0sp1/nios2eds/bin/gnu/h-i686-mingw32/bin/../lib/gcc/nios2-elf/4.1.2/../../../../nios2-elf/lib/mno-hw-mul\libsmallc.a(lib_a-printf.o)
 .debug_pubnames
                0x00000046       0x45 c:/altera/13.0sp1/nios2eds/bin/gnu/h-i686-mingw32/bin/../lib/gcc/nios2-elf/4.1.2/../../../../nios2-elf/lib/mno-hw-mul\libsmallc.a(lib_a-vfprintf.o)
 .debug_pubnames
                0x0000008b       0x2b c:/altera/13.0sp1/nios2eds/bin/gnu/h-i686-mingw32/bin/../lib/gcc/nios2-elf/4.1.2/../../../../nios2-elf/lib/mno-hw-mul\libsmallc.a(lib_a-fvwrite_small_dev.o)
 .debug_pubnames
                0x000000b6       0x39 c:/altera/13.0sp1/nios2eds/bin/gnu/h-i686-mingw32/bin/../lib/gcc/nios2-elf/4.1.2/../../../../nios2-elf/lib/mno-hw-mul\libsmallc.a(lib_a-impure.o)
 .debug_pubnames
                0x000000ef       0x1d c:/altera/13.0sp1/nios2eds/bin/gnu/h-i686-mingw32/bin/../lib/gcc/nios2-elf/4.1.2/../../../../nios2-elf/lib/mno-hw-mul\libsmallc.a(lib_a-strlen.o)
 .debug_pubnames
                0x0000010c       0x1f c:/altera/13.0sp1/nios2eds/bin/gnu/h-i686-mingw32/bin/../lib/gcc/nios2-elf/4.1.2/../../../../nios2-elf/lib/mno-hw-mul\libsmallc.a(lib_a-writer.o)
 .debug_pubnames
                0x0000012b       0x1c c:/altera/13.0sp1/nios2eds/bin/gnu/h-i686-mingw32/bin/../lib/gcc/nios2-elf/4.1.2/../../../../nios2-elf/lib/mno-hw-mul\libsmallc.a(lib_a-int_errno.o)
 .debug_pubnames
                0x00000147       0x48 c:/altera/13.0sp1/nios2eds/bin/gnu/h-i686-mingw32/bin/../lib/gcc/nios2-elf/4.1.2/mno-hw-mul\libgcc.a(lib2-divmod.o)
 .debug_pubnames
                0x0000018f       0x1f c:/altera/13.0sp1/nios2eds/bin/gnu/h-i686-mingw32/bin/../lib/gcc/nios2-elf/4.1.2/mno-hw-mul\libgcc.a(lib2-mul.o)
 .debug_pubnames
                0x000001ae       0x1f ../nios_led_bsp/\libhal_bsp.a(alt_load.o)
 .debug_pubnames
                0x000001cd       0x46 ../nios_led_bsp/\libhal_bsp.a(alt_main.o)
 .debug_pubnames
                0x00000213       0x1d ../nios_led_bsp/\libhal_bsp.a(alt_usleep.o)
 .debug_pubnames
                0x00000230       0x1c ../nios_led_bsp/\libhal_bsp.a(alt_write.o)
 .debug_pubnames
                0x0000024c       0x34 ../nios_led_bsp/\libhal_bsp.a(alt_sys_init.o)
 .debug_pubnames
                0x00000280       0x25 ../nios_led_bsp/\libhal_bsp.a(alt_busy_sleep.o)
 .debug_pubnames
                0x000002a5       0x2b ../nios_led_bsp/\libhal_bsp.a(alt_dcache_flush_all.o)
 .debug_pubnames
                0x000002d0       0x63 ../nios_led_bsp/\libhal_bsp.a(alt_dev.o)
 .debug_pubnames
                0x00000333       0x20 ../nios_led_bsp/\libhal_bsp.a(alt_errno.o)
 .debug_pubnames
                0x00000353       0x2b ../nios_led_bsp/\libhal_bsp.a(alt_icache_flush_all.o)
 .debug_pubnames
                0x0000037e       0x31 ../nios_led_bsp/\libhal_bsp.a(altera_nios2_qsys_irq.o)

.debug_info     0x00000000     0x3aba
 *(.debug_info .gnu.linkonce.wi.*)
 .debug_info    0x00000000       0x7e ../nios_led_bsp//obj/HAL/src/crt0.o
 .debug_info    0x0000007e       0xba obj/default/hello_world_small.o
 .debug_info    0x00000138      0x6c8 c:/altera/13.0sp1/nios2eds/bin/gnu/h-i686-mingw32/bin/../lib/gcc/nios2-elf/4.1.2/../../../../nios2-elf/lib/mno-hw-mul\libsmallc.a(lib_a-printf.o)
 .debug_info    0x00000800      0x9b6 c:/altera/13.0sp1/nios2eds/bin/gnu/h-i686-mingw32/bin/../lib/gcc/nios2-elf/4.1.2/../../../../nios2-elf/lib/mno-hw-mul\libsmallc.a(lib_a-vfprintf.o)
 .debug_info    0x000011b6      0x68e c:/altera/13.0sp1/nios2eds/bin/gnu/h-i686-mingw32/bin/../lib/gcc/nios2-elf/4.1.2/../../../../nios2-elf/lib/mno-hw-mul\libsmallc.a(lib_a-fvwrite_small_dev.o)
 .debug_info    0x00001844      0x636 c:/altera/13.0sp1/nios2eds/bin/gnu/h-i686-mingw32/bin/../lib/gcc/nios2-elf/4.1.2/../../../../nios2-elf/lib/mno-hw-mul\libsmallc.a(lib_a-impure.o)
 .debug_info    0x00001e7a       0xc2 c:/altera/13.0sp1/nios2eds/bin/gnu/h-i686-mingw32/bin/../lib/gcc/nios2-elf/4.1.2/../../../../nios2-elf/lib/mno-hw-mul\libsmallc.a(lib_a-strlen.o)
 .debug_info    0x00001f3c      0x68c c:/altera/13.0sp1/nios2eds/bin/gnu/h-i686-mingw32/bin/../lib/gcc/nios2-elf/4.1.2/../../../../nios2-elf/lib/mno-hw-mul\libsmallc.a(lib_a-writer.o)
 .debug_info    0x000025c8       0x8c c:/altera/13.0sp1/nios2eds/bin/gnu/h-i686-mingw32/bin/../lib/gcc/nios2-elf/4.1.2/../../../../nios2-elf/lib/mno-hw-mul\libsmallc.a(lib_a-int_errno.o)
 .debug_info    0x00002654      0x21c c:/altera/13.0sp1/nios2eds/bin/gnu/h-i686-mingw32/bin/../lib/gcc/nios2-elf/4.1.2/mno-hw-mul\libgcc.a(lib2-divmod.o)
 .debug_info    0x00002870       0xf3 c:/altera/13.0sp1/nios2eds/bin/gnu/h-i686-mingw32/bin/../lib/gcc/nios2-elf/4.1.2/mno-hw-mul\libgcc.a(lib2-mul.o)
 .debug_info    0x00002963      0x12e ../nios_led_bsp/\libhal_bsp.a(alt_load.o)
 .debug_info    0x00002a91      0x14f ../nios_led_bsp/\libhal_bsp.a(alt_main.o)
 .debug_info    0x00002be0       0xab ../nios_led_bsp/\libhal_bsp.a(alt_usleep.o)
 .debug_info    0x00002c8b      0x508 ../nios_led_bsp/\libhal_bsp.a(alt_write.o)
 .debug_info    0x00003193       0xfe ../nios_led_bsp/\libhal_bsp.a(alt_sys_init.o)
 .debug_info    0x00003291       0xd0 ../nios_led_bsp/\libhal_bsp.a(alt_busy_sleep.o)
 .debug_info    0x00003361       0x8d ../nios_led_bsp/\libhal_bsp.a(alt_dcache_flush_all.o)
 .debug_info    0x000033ee      0x4dd ../nios_led_bsp/\libhal_bsp.a(alt_dev.o)
 .debug_info    0x000038cb       0xab ../nios_led_bsp/\libhal_bsp.a(alt_errno.o)
 .debug_info    0x00003976       0x8d ../nios_led_bsp/\libhal_bsp.a(alt_icache_flush_all.o)
 .debug_info    0x00003a03       0xb7 ../nios_led_bsp/\libhal_bsp.a(altera_nios2_qsys_irq.o)

.debug_abbrev   0x00000000     0x108e
 *(.debug_abbrev)
 .debug_abbrev  0x00000000       0x12 ../nios_led_bsp//obj/HAL/src/crt0.o
 .debug_abbrev  0x00000012       0x5b obj/default/hello_world_small.o
 .debug_abbrev  0x0000006d      0x179 c:/altera/13.0sp1/nios2eds/bin/gnu/h-i686-mingw32/bin/../lib/gcc/nios2-elf/4.1.2/../../../../nios2-elf/lib/mno-hw-mul\libsmallc.a(lib_a-printf.o)
 .debug_abbrev  0x000001e6      0x263 c:/altera/13.0sp1/nios2eds/bin/gnu/h-i686-mingw32/bin/../lib/gcc/nios2-elf/4.1.2/../../../../nios2-elf/lib/mno-hw-mul\libsmallc.a(lib_a-vfprintf.o)
 .debug_abbrev  0x00000449      0x179 c:/altera/13.0sp1/nios2eds/bin/gnu/h-i686-mingw32/bin/../lib/gcc/nios2-elf/4.1.2/../../../../nios2-elf/lib/mno-hw-mul\libsmallc.a(lib_a-fvwrite_small_dev.o)
 .debug_abbrev  0x000005c2      0x13f c:/altera/13.0sp1/nios2eds/bin/gnu/h-i686-mingw32/bin/../lib/gcc/nios2-elf/4.1.2/../../../../nios2-elf/lib/mno-hw-mul\libsmallc.a(lib_a-impure.o)
 .debug_abbrev  0x00000701       0x7a c:/altera/13.0sp1/nios2eds/bin/gnu/h-i686-mingw32/bin/../lib/gcc/nios2-elf/4.1.2/../../../../nios2-elf/lib/mno-hw-mul\libsmallc.a(lib_a-strlen.o)
 .debug_abbrev  0x0000077b      0x16c c:/altera/13.0sp1/nios2eds/bin/gnu/h-i686-mingw32/bin/../lib/gcc/nios2-elf/4.1.2/../../../../nios2-elf/lib/mno-hw-mul\libsmallc.a(lib_a-writer.o)
 .debug_abbrev  0x000008e7       0x3b c:/altera/13.0sp1/nios2eds/bin/gnu/h-i686-mingw32/bin/../lib/gcc/nios2-elf/4.1.2/../../../../nios2-elf/lib/mno-hw-mul\libsmallc.a(lib_a-int_errno.o)
 .debug_abbrev  0x00000922       0xe0 c:/altera/13.0sp1/nios2eds/bin/gnu/h-i686-mingw32/bin/../lib/gcc/nios2-elf/4.1.2/mno-hw-mul\libgcc.a(lib2-divmod.o)
 .debug_abbrev  0x00000a02       0x7b c:/altera/13.0sp1/nios2eds/bin/gnu/h-i686-mingw32/bin/../lib/gcc/nios2-elf/4.1.2/mno-hw-mul\libgcc.a(lib2-mul.o)
 .debug_abbrev  0x00000a7d       0x97 ../nios_led_bsp/\libhal_bsp.a(alt_load.o)
 .debug_abbrev  0x00000b14       0xad ../nios_led_bsp/\libhal_bsp.a(alt_main.o)
 .debug_abbrev  0x00000bc1       0x5d ../nios_led_bsp/\libhal_bsp.a(alt_usleep.o)
 .debug_abbrev  0x00000c1e      0x12d ../nios_led_bsp/\libhal_bsp.a(alt_write.o)
 .debug_abbrev  0x00000d4b       0xb4 ../nios_led_bsp/\libhal_bsp.a(alt_sys_init.o)
 .debug_abbrev  0x00000dff       0x79 ../nios_led_bsp/\libhal_bsp.a(alt_busy_sleep.o)
 .debug_abbrev  0x00000e78       0x3f ../nios_led_bsp/\libhal_bsp.a(alt_dcache_flush_all.o)
 .debug_abbrev  0x00000eb7       0xd6 ../nios_led_bsp/\libhal_bsp.a(alt_dev.o)
 .debug_abbrev  0x00000f8d       0x5e ../nios_led_bsp/\libhal_bsp.a(alt_errno.o)
 .debug_abbrev  0x00000feb       0x3f ../nios_led_bsp/\libhal_bsp.a(alt_icache_flush_all.o)
 .debug_abbrev  0x0000102a       0x64 ../nios_led_bsp/\libhal_bsp.a(altera_nios2_qsys_irq.o)

.debug_line     0x00000000     0x323f
 *(.debug_line)
 .debug_line    0x00000000       0x66 ../nios_led_bsp//obj/HAL/src/crt0.o
 .debug_line    0x00000066      0x220 obj/default/hello_world_small.o
 .debug_line    0x00000286      0x2be c:/altera/13.0sp1/nios2eds/bin/gnu/h-i686-mingw32/bin/../lib/gcc/nios2-elf/4.1.2/../../../../nios2-elf/lib/mno-hw-mul\libsmallc.a(lib_a-printf.o)
 .debug_line    0x00000544      0x666 c:/altera/13.0sp1/nios2eds/bin/gnu/h-i686-mingw32/bin/../lib/gcc/nios2-elf/4.1.2/../../../../nios2-elf/lib/mno-hw-mul\libsmallc.a(lib_a-vfprintf.o)
 .debug_line    0x00000baa      0x2a9 c:/altera/13.0sp1/nios2eds/bin/gnu/h-i686-mingw32/bin/../lib/gcc/nios2-elf/4.1.2/../../../../nios2-elf/lib/mno-hw-mul\libsmallc.a(lib_a-fvwrite_small_dev.o)
 .debug_line    0x00000e53      0x230 c:/altera/13.0sp1/nios2eds/bin/gnu/h-i686-mingw32/bin/../lib/gcc/nios2-elf/4.1.2/../../../../nios2-elf/lib/mno-hw-mul\libsmallc.a(lib_a-impure.o)
 .debug_line    0x00001083      0x250 c:/altera/13.0sp1/nios2eds/bin/gnu/h-i686-mingw32/bin/../lib/gcc/nios2-elf/4.1.2/../../../../nios2-elf/lib/mno-hw-mul\libsmallc.a(lib_a-strlen.o)
 .debug_line    0x000012d3      0x29d c:/altera/13.0sp1/nios2eds/bin/gnu/h-i686-mingw32/bin/../lib/gcc/nios2-elf/4.1.2/../../../../nios2-elf/lib/mno-hw-mul\libsmallc.a(lib_a-writer.o)
 .debug_line    0x00001570      0x1e2 c:/altera/13.0sp1/nios2eds/bin/gnu/h-i686-mingw32/bin/../lib/gcc/nios2-elf/4.1.2/../../../../nios2-elf/lib/mno-hw-mul\libsmallc.a(lib_a-int_errno.o)
 .debug_line    0x00001752      0x24f c:/altera/13.0sp1/nios2eds/bin/gnu/h-i686-mingw32/bin/../lib/gcc/nios2-elf/4.1.2/mno-hw-mul\libgcc.a(lib2-divmod.o)
 .debug_line    0x000019a1      0x11a c:/altera/13.0sp1/nios2eds/bin/gnu/h-i686-mingw32/bin/../lib/gcc/nios2-elf/4.1.2/mno-hw-mul\libgcc.a(lib2-mul.o)
 .debug_line    0x00001abb      0x217 ../nios_led_bsp/\libhal_bsp.a(alt_load.o)
 .debug_line    0x00001cd2      0x2d6 ../nios_led_bsp/\libhal_bsp.a(alt_main.o)
 .debug_line    0x00001fa8      0x202 ../nios_led_bsp/\libhal_bsp.a(alt_usleep.o)
 .debug_line    0x000021aa      0x2f9 ../nios_led_bsp/\libhal_bsp.a(alt_write.o)
 .debug_line    0x000024a3      0x1f7 ../nios_led_bsp/\libhal_bsp.a(alt_sys_init.o)
 .debug_line    0x0000269a      0x25e ../nios_led_bsp/\libhal_bsp.a(alt_busy_sleep.o)
 .debug_line    0x000028f8      0x1b5 ../nios_led_bsp/\libhal_bsp.a(alt_dcache_flush_all.o)
 .debug_line    0x00002aad      0x24c ../nios_led_bsp/\libhal_bsp.a(alt_dev.o)
 .debug_line    0x00002cf9      0x1aa ../nios_led_bsp/\libhal_bsp.a(alt_errno.o)
 .debug_line    0x00002ea3      0x1b5 ../nios_led_bsp/\libhal_bsp.a(alt_icache_flush_all.o)
 .debug_line    0x00003058      0x1e7 ../nios_led_bsp/\libhal_bsp.a(altera_nios2_qsys_irq.o)

.debug_frame    0x00000000      0x37c
 *(.debug_frame)
 .debug_frame   0x00000000       0x2c obj/default/hello_world_small.o
 .debug_frame   0x0000002c       0x40 c:/altera/13.0sp1/nios2eds/bin/gnu/h-i686-mingw32/bin/../lib/gcc/nios2-elf/4.1.2/../../../../nios2-elf/lib/mno-hw-mul\libsmallc.a(lib_a-printf.o)
 .debug_frame   0x0000006c       0x64 c:/altera/13.0sp1/nios2eds/bin/gnu/h-i686-mingw32/bin/../lib/gcc/nios2-elf/4.1.2/../../../../nios2-elf/lib/mno-hw-mul\libsmallc.a(lib_a-vfprintf.o)
 .debug_frame   0x000000d0       0x30 c:/altera/13.0sp1/nios2eds/bin/gnu/h-i686-mingw32/bin/../lib/gcc/nios2-elf/4.1.2/../../../../nios2-elf/lib/mno-hw-mul\libsmallc.a(lib_a-fvwrite_small_dev.o)
 .debug_frame   0x00000100       0x20 c:/altera/13.0sp1/nios2eds/bin/gnu/h-i686-mingw32/bin/../lib/gcc/nios2-elf/4.1.2/../../../../nios2-elf/lib/mno-hw-mul\libsmallc.a(lib_a-strlen.o)
 .debug_frame   0x00000120       0x2c c:/altera/13.0sp1/nios2eds/bin/gnu/h-i686-mingw32/bin/../lib/gcc/nios2-elf/4.1.2/../../../../nios2-elf/lib/mno-hw-mul\libsmallc.a(lib_a-writer.o)
 .debug_frame   0x0000014c       0x70 c:/altera/13.0sp1/nios2eds/bin/gnu/h-i686-mingw32/bin/../lib/gcc/nios2-elf/4.1.2/mno-hw-mul\libgcc.a(lib2-divmod.o)
 .debug_frame   0x000001bc       0x20 c:/altera/13.0sp1/nios2eds/bin/gnu/h-i686-mingw32/bin/../lib/gcc/nios2-elf/4.1.2/mno-hw-mul\libgcc.a(lib2-mul.o)
 .debug_frame   0x000001dc       0x38 ../nios_led_bsp/\libhal_bsp.a(alt_load.o)
 .debug_frame   0x00000214       0x28 ../nios_led_bsp/\libhal_bsp.a(alt_main.o)
 .debug_frame   0x0000023c       0x20 ../nios_led_bsp/\libhal_bsp.a(alt_usleep.o)
 .debug_frame   0x0000025c       0x40 ../nios_led_bsp/\libhal_bsp.a(alt_write.o)
 .debug_frame   0x0000029c       0x38 ../nios_led_bsp/\libhal_bsp.a(alt_sys_init.o)
 .debug_frame   0x000002d4       0x28 ../nios_led_bsp/\libhal_bsp.a(alt_busy_sleep.o)
 .debug_frame   0x000002fc       0x20 ../nios_led_bsp/\libhal_bsp.a(alt_dcache_flush_all.o)
 .debug_frame   0x0000031c       0x20 ../nios_led_bsp/\libhal_bsp.a(alt_dev.o)
 .debug_frame   0x0000033c       0x20 ../nios_led_bsp/\libhal_bsp.a(alt_icache_flush_all.o)
 .debug_frame   0x0000035c       0x20 ../nios_led_bsp/\libhal_bsp.a(altera_nios2_qsys_irq.o)

.debug_str      0x00000000      0xec8
 *(.debug_str)
 .debug_str     0x00000000       0xc0 obj/default/hello_world_small.o
                                 0xfe (size before relaxing)
 .debug_str     0x000000c0      0x39c c:/altera/13.0sp1/nios2eds/bin/gnu/h-i686-mingw32/bin/../lib/gcc/nios2-elf/4.1.2/../../../../nios2-elf/lib/mno-hw-mul\libsmallc.a(lib_a-printf.o)
                                0x466 (size before relaxing)
 .debug_str     0x0000045c      0x162 c:/altera/13.0sp1/nios2eds/bin/gnu/h-i686-mingw32/bin/../lib/gcc/nios2-elf/4.1.2/../../../../nios2-elf/lib/mno-hw-mul\libsmallc.a(lib_a-vfprintf.o)
                                0x5af (size before relaxing)
 .debug_str     0x000005be       0x70 c:/altera/13.0sp1/nios2eds/bin/gnu/h-i686-mingw32/bin/../lib/gcc/nios2-elf/4.1.2/../../../../nios2-elf/lib/mno-hw-mul\libsmallc.a(lib_a-fvwrite_small_dev.o)
                                0x46a (size before relaxing)
 .debug_str     0x0000062e       0xf8 c:/altera/13.0sp1/nios2eds/bin/gnu/h-i686-mingw32/bin/../lib/gcc/nios2-elf/4.1.2/../../../../nios2-elf/lib/mno-hw-mul\libsmallc.a(lib_a-impure.o)
                                0x45d (size before relaxing)
 .debug_str     0x00000726       0xe2 c:/altera/13.0sp1/nios2eds/bin/gnu/h-i686-mingw32/bin/../lib/gcc/nios2-elf/4.1.2/../../../../nios2-elf/lib/mno-hw-mul\libsmallc.a(lib_a-strlen.o)
                                0x184 (size before relaxing)
 .debug_str     0x00000808       0x4f c:/altera/13.0sp1/nios2eds/bin/gnu/h-i686-mingw32/bin/../lib/gcc/nios2-elf/4.1.2/../../../../nios2-elf/lib/mno-hw-mul\libsmallc.a(lib_a-writer.o)
                                0x451 (size before relaxing)
 .debug_str     0x00000857       0x40 c:/altera/13.0sp1/nios2eds/bin/gnu/h-i686-mingw32/bin/../lib/gcc/nios2-elf/4.1.2/../../../../nios2-elf/lib/mno-hw-mul\libsmallc.a(lib_a-int_errno.o)
                                0x177 (size before relaxing)
 .debug_str     0x00000897      0x10b c:/altera/13.0sp1/nios2eds/bin/gnu/h-i686-mingw32/bin/../lib/gcc/nios2-elf/4.1.2/mno-hw-mul\libgcc.a(lib2-divmod.o)
                                0x1b4 (size before relaxing)
 .debug_str     0x000009a2       0x37 c:/altera/13.0sp1/nios2eds/bin/gnu/h-i686-mingw32/bin/../lib/gcc/nios2-elf/4.1.2/mno-hw-mul\libgcc.a(lib2-mul.o)
                                0x175 (size before relaxing)
 .debug_str     0x000009d9      0x13e ../nios_led_bsp/\libhal_bsp.a(alt_load.o)
                                0x1d3 (size before relaxing)
 .debug_str     0x00000b17       0x91 ../nios_led_bsp/\libhal_bsp.a(alt_main.o)
                                0x180 (size before relaxing)
 .debug_str     0x00000ba8       0x27 ../nios_led_bsp/\libhal_bsp.a(alt_usleep.o)
                                0x109 (size before relaxing)
 .debug_str     0x00000bcf      0x164 ../nios_led_bsp/\libhal_bsp.a(alt_write.o)
                                0x2b9 (size before relaxing)
 .debug_str     0x00000d33       0x4c ../nios_led_bsp/\libhal_bsp.a(alt_sys_init.o)
                                0x157 (size before relaxing)
 .debug_str     0x00000d7f       0x42 ../nios_led_bsp/\libhal_bsp.a(alt_busy_sleep.o)
                                0x12c (size before relaxing)
 .debug_str     0x00000dc1       0x34 ../nios_led_bsp/\libhal_bsp.a(alt_dcache_flush_all.o)
                                0x116 (size before relaxing)
 .debug_str     0x00000df5       0x50 ../nios_led_bsp/\libhal_bsp.a(alt_dev.o)
                                0x2c6 (size before relaxing)
 .debug_str     0x00000e45       0x14 ../nios_led_bsp/\libhal_bsp.a(alt_errno.o)
                                0x106 (size before relaxing)
 .debug_str     0x00000e59       0x34 ../nios_led_bsp/\libhal_bsp.a(alt_icache_flush_all.o)
                                0x116 (size before relaxing)
 .debug_str     0x00000e8d       0x3b ../nios_led_bsp/\libhal_bsp.a(altera_nios2_qsys_irq.o)
                                0x146 (size before relaxing)

.debug_loc      0x00000000      0xf99
 *(.debug_loc)
 .debug_loc     0x00000000       0x87 obj/default/hello_world_small.o
 .debug_loc     0x00000087       0x8d c:/altera/13.0sp1/nios2eds/bin/gnu/h-i686-mingw32/bin/../lib/gcc/nios2-elf/4.1.2/../../../../nios2-elf/lib/mno-hw-mul\libsmallc.a(lib_a-printf.o)
 .debug_loc     0x00000114      0x878 c:/altera/13.0sp1/nios2eds/bin/gnu/h-i686-mingw32/bin/../lib/gcc/nios2-elf/4.1.2/../../../../nios2-elf/lib/mno-hw-mul\libsmallc.a(lib_a-vfprintf.o)
 .debug_loc     0x0000098c      0x162 c:/altera/13.0sp1/nios2eds/bin/gnu/h-i686-mingw32/bin/../lib/gcc/nios2-elf/4.1.2/../../../../nios2-elf/lib/mno-hw-mul\libsmallc.a(lib_a-fvwrite_small_dev.o)
 .debug_loc     0x00000aee       0x1e c:/altera/13.0sp1/nios2eds/bin/gnu/h-i686-mingw32/bin/../lib/gcc/nios2-elf/4.1.2/../../../../nios2-elf/lib/mno-hw-mul\libsmallc.a(lib_a-strlen.o)
 .debug_loc     0x00000b0c       0x97 c:/altera/13.0sp1/nios2eds/bin/gnu/h-i686-mingw32/bin/../lib/gcc/nios2-elf/4.1.2/../../../../nios2-elf/lib/mno-hw-mul\libsmallc.a(lib_a-writer.o)
 .debug_loc     0x00000ba3      0x1d2 c:/altera/13.0sp1/nios2eds/bin/gnu/h-i686-mingw32/bin/../lib/gcc/nios2-elf/4.1.2/mno-hw-mul\libgcc.a(lib2-divmod.o)
 .debug_loc     0x00000d75       0x4f c:/altera/13.0sp1/nios2eds/bin/gnu/h-i686-mingw32/bin/../lib/gcc/nios2-elf/4.1.2/mno-hw-mul\libgcc.a(lib2-mul.o)
 .debug_loc     0x00000dc4       0x1f ../nios_led_bsp/\libhal_bsp.a(alt_load.o)
 .debug_loc     0x00000de3       0x1f ../nios_led_bsp/\libhal_bsp.a(alt_main.o)
 .debug_loc     0x00000e02       0x13 ../nios_led_bsp/\libhal_bsp.a(alt_usleep.o)
 .debug_loc     0x00000e15      0x102 ../nios_led_bsp/\libhal_bsp.a(alt_write.o)
 .debug_loc     0x00000f17       0x32 ../nios_led_bsp/\libhal_bsp.a(alt_sys_init.o)
 .debug_loc     0x00000f49       0x50 ../nios_led_bsp/\libhal_bsp.a(alt_busy_sleep.o)

.debug_macinfo
 *(.debug_macinfo)

.debug_weaknames
 *(.debug_weaknames)

.debug_funcnames
 *(.debug_funcnames)

.debug_typenames
 *(.debug_typenames)

.debug_varnames
 *(.debug_varnames)

.debug_alt_sim_info
                0x00000000       0x40
 *(.debug_alt_sim_info)
 .debug_alt_sim_info
                0x00000000       0x10 ../nios_led_bsp//obj/HAL/src/crt0.o
 .debug_alt_sim_info
                0x00000010       0x30 ../nios_led_bsp/\libhal_bsp.a(alt_busy_sleep.o)
                0x00024e20                __alt_data_end = 0x24e20
                0x00024e20                PROVIDE (__alt_stack_pointer, __alt_data_end)
                0x000210c4                PROVIDE (__alt_stack_limit, __alt_stack_base)
                0x000210c4                PROVIDE (__alt_heap_start, end)
                0x00024e20                PROVIDE (__alt_heap_limit, 0x24e20)
OUTPUT(nios_led.elf elf32-littlenios2)

.debug_ranges   0x00000000      0x160
 .debug_ranges  0x00000000       0x20 ../nios_led_bsp//obj/HAL/src/crt0.o
 .debug_ranges  0x00000020      0x140 c:/altera/13.0sp1/nios2eds/bin/gnu/h-i686-mingw32/bin/../lib/gcc/nios2-elf/4.1.2/../../../../nios2-elf/lib/mno-hw-mul\libsmallc.a(lib_a-vfprintf.o)
