------------------------------------------------------------
TimeQuest Timing Analyzer Summary
------------------------------------------------------------

Type  : Slow 1200mV 85C Model Setup 'clk'
Slack : -2.355
TNS   : -43.157

Type  : Slow 1200mV 85C Model Setup 'mclk'
Slack : -0.073
TNS   : -0.073

Type  : Slow 1200mV 85C Model Hold 'mclk'
Slack : 0.011
TNS   : 0.000

Type  : Slow 1200mV 85C Model Hold 'clk'
Slack : 0.433
TNS   : 0.000

Type  : Slow 1200mV 85C Model Minimum Pulse Width 'mclk'
Slack : -3.000
TNS   : -4.487

Type  : Slow 1200mV 85C Model Minimum Pulse Width 'clk'
Slack : -1.487
TNS   : -37.175

Type  : Slow 1200mV 0C Model Setup 'clk'
Slack : -2.133
TNS   : -37.980

Type  : Slow 1200mV 0C Model Setup 'mclk'
Slack : -0.014
TNS   : -0.014

Type  : Slow 1200mV 0C Model Hold 'mclk'
Slack : 0.015
TNS   : 0.000

Type  : Slow 1200mV 0C Model Hold 'clk'
Slack : 0.381
TNS   : 0.000

Type  : Slow 1200mV 0C Model Minimum Pulse Width 'mclk'
Slack : -3.000
TNS   : -4.487

Type  : Slow 1200mV 0C Model Minimum Pulse Width 'clk'
Slack : -1.487
TNS   : -37.175

Type  : Fast 1200mV 0C Model Setup 'clk'
Slack : -0.395
TNS   : -5.053

Type  : Fast 1200mV 0C Model Setup 'mclk'
Slack : 0.313
TNS   : 0.000

Type  : Fast 1200mV 0C Model Hold 'mclk'
Slack : -0.090
TNS   : -0.090

Type  : Fast 1200mV 0C Model Hold 'clk'
Slack : 0.178
TNS   : 0.000

Type  : Fast 1200mV 0C Model Minimum Pulse Width 'mclk'
Slack : -3.000
TNS   : -4.042

Type  : Fast 1200mV 0C Model Minimum Pulse Width 'clk'
Slack : -1.000
TNS   : -25.000

------------------------------------------------------------
