------------------------------------------------------------
TimeQuest Timing Analyzer Summary
------------------------------------------------------------

Type  : Slow 1200mV 85C Model Setup 'clk'
Slack : -3.981
TNS   : -81.093

Type  : Slow 1200mV 85C Model Setup 'clk2'
Slack : -0.184
TNS   : -0.682

Type  : Slow 1200mV 85C Model Hold 'clk'
Slack : -0.095
TNS   : -0.095

Type  : Slow 1200mV 85C Model Hold 'clk2'
Slack : 0.454
TNS   : 0.000

Type  : Slow 1200mV 85C Model Minimum Pulse Width 'clk'
Slack : -3.000
TNS   : -52.071

Type  : Slow 1200mV 85C Model Minimum Pulse Width 'clk2'
Slack : -1.487
TNS   : -8.922

Type  : Slow 1200mV 0C Model Setup 'clk'
Slack : -3.671
TNS   : -70.830

Type  : Slow 1200mV 0C Model Setup 'clk2'
Slack : -0.070
TNS   : -0.224

Type  : Slow 1200mV 0C Model Hold 'clk'
Slack : -0.050
TNS   : -0.050

Type  : Slow 1200mV 0C Model Hold 'clk2'
Slack : 0.402
TNS   : 0.000

Type  : Slow 1200mV 0C Model Minimum Pulse Width 'clk'
Slack : -3.000
TNS   : -52.071

Type  : Slow 1200mV 0C Model Minimum Pulse Width 'clk2'
Slack : -1.487
TNS   : -8.922

Type  : Fast 1200mV 0C Model Setup 'clk'
Slack : -1.141
TNS   : -17.511

Type  : Fast 1200mV 0C Model Setup 'clk2'
Slack : 0.485
TNS   : 0.000

Type  : Fast 1200mV 0C Model Hold 'clk'
Slack : -0.209
TNS   : -0.209

Type  : Fast 1200mV 0C Model Hold 'clk2'
Slack : 0.187
TNS   : 0.000

Type  : Fast 1200mV 0C Model Minimum Pulse Width 'clk'
Slack : -3.000
TNS   : -38.145

Type  : Fast 1200mV 0C Model Minimum Pulse Width 'clk2'
Slack : -1.000
TNS   : -6.000

------------------------------------------------------------
