------------------------------------------------------------
TimeQuest Timing Analyzer Summary
------------------------------------------------------------

Type  : Slow 1200mV 85C Model Setup 'clk'
Slack : -6.058
TNS   : -153.247

Type  : Slow 1200mV 85C Model Setup 'mclk'
Slack : -0.073
TNS   : -0.073

Type  : Slow 1200mV 85C Model Hold 'mclk'
Slack : 0.011
TNS   : 0.000

Type  : Slow 1200mV 85C Model Hold 'clk'
Slack : 0.434
TNS   : 0.000

Type  : Slow 1200mV 85C Model Minimum Pulse Width 'clk'
Slack : -3.201
TNS   : -74.577

Type  : Slow 1200mV 85C Model Minimum Pulse Width 'mclk'
Slack : -3.000
TNS   : -4.487

Type  : Slow 1200mV 0C Model Setup 'clk'
Slack : -5.565
TNS   : -136.186

Type  : Slow 1200mV 0C Model Setup 'mclk'
Slack : -0.014
TNS   : -0.014

Type  : Slow 1200mV 0C Model Hold 'mclk'
Slack : 0.015
TNS   : 0.000

Type  : Slow 1200mV 0C Model Hold 'clk'
Slack : 0.384
TNS   : 0.000

Type  : Slow 1200mV 0C Model Minimum Pulse Width 'clk'
Slack : -3.201
TNS   : -74.577

Type  : Slow 1200mV 0C Model Minimum Pulse Width 'mclk'
Slack : -3.000
TNS   : -4.487

Type  : Fast 1200mV 0C Model Setup 'clk'
Slack : -1.841
TNS   : -36.768

Type  : Fast 1200mV 0C Model Setup 'mclk'
Slack : 0.313
TNS   : 0.000

Type  : Fast 1200mV 0C Model Hold 'mclk'
Slack : -0.090
TNS   : -0.090

Type  : Fast 1200mV 0C Model Hold 'clk'
Slack : 0.179
TNS   : 0.000

Type  : Fast 1200mV 0C Model Minimum Pulse Width 'mclk'
Slack : -3.000
TNS   : -4.042

Type  : Fast 1200mV 0C Model Minimum Pulse Width 'clk'
Slack : -1.000
TNS   : -49.000

------------------------------------------------------------
