------------------------------------------------------------
TimeQuest Timing Analyzer Summary
------------------------------------------------------------

Type  : Slow 1200mV 85C Model Setup 'clk'
Slack : -3.995
TNS   : -82.715

Type  : Slow 1200mV 85C Model Setup 'clk2'
Slack : -1.246
TNS   : -6.807

Type  : Slow 1200mV 85C Model Hold 'clk'
Slack : 0.033
TNS   : 0.000

Type  : Slow 1200mV 85C Model Hold 'clk2'
Slack : 0.466
TNS   : 0.000

Type  : Slow 1200mV 85C Model Minimum Pulse Width 'clk'
Slack : -3.000
TNS   : -52.071

Type  : Slow 1200mV 85C Model Minimum Pulse Width 'clk2'
Slack : -1.487
TNS   : -11.896

Type  : Slow 1200mV 0C Model Setup 'clk'
Slack : -3.660
TNS   : -72.456

Type  : Slow 1200mV 0C Model Setup 'clk2'
Slack : -1.032
TNS   : -5.439

Type  : Slow 1200mV 0C Model Hold 'clk'
Slack : 0.079
TNS   : 0.000

Type  : Slow 1200mV 0C Model Hold 'clk2'
Slack : 0.417
TNS   : 0.000

Type  : Slow 1200mV 0C Model Minimum Pulse Width 'clk'
Slack : -3.000
TNS   : -52.071

Type  : Slow 1200mV 0C Model Minimum Pulse Width 'clk2'
Slack : -1.487
TNS   : -11.896

Type  : Fast 1200mV 0C Model Setup 'clk'
Slack : -1.113
TNS   : -18.353

Type  : Fast 1200mV 0C Model Setup 'clk2'
Slack : 0.042
TNS   : 0.000

Type  : Fast 1200mV 0C Model Hold 'clk'
Slack : -0.150
TNS   : -0.150

Type  : Fast 1200mV 0C Model Hold 'clk2'
Slack : 0.193
TNS   : 0.000

Type  : Fast 1200mV 0C Model Minimum Pulse Width 'clk'
Slack : -3.000
TNS   : -38.130

Type  : Fast 1200mV 0C Model Minimum Pulse Width 'clk2'
Slack : -1.000
TNS   : -8.000

------------------------------------------------------------
